Archive member included to satisfy reference by file (symbol)

d:/mounriver_studio/mounriver_studio_install/mounriver_studio2/resources/app/resources/win32/components/wch/toolchain/risc-v embedded gcc/bin/../lib/gcc/riscv-none-embed/8.2.0/rv32imacxw/ilp32\libgcc.a(mulsf3.o)
                              ./Driver/lcd.o (__mulsf3)
d:/mounriver_studio/mounriver_studio_install/mounriver_studio2/resources/app/resources/win32/components/wch/toolchain/risc-v embedded gcc/bin/../lib/gcc/riscv-none-embed/8.2.0/rv32imacxw/ilp32\libgcc.a(fixunssfsi.o)
                              ./Driver/lcd.o (__fixunssfsi)
d:/mounriver_studio/mounriver_studio_install/mounriver_studio2/resources/app/resources/win32/components/wch/toolchain/risc-v embedded gcc/bin/../lib/gcc/riscv-none-embed/8.2.0/rv32imacxw/ilp32\libgcc.a(save-restore.o)
                              ./Driver/lcd.o (__riscv_save_12)
d:/mounriver_studio/mounriver_studio_install/mounriver_studio2/resources/app/resources/win32/components/wch/toolchain/risc-v embedded gcc/bin/../lib/gcc/riscv-none-embed/8.2.0/rv32imacxw/ilp32\libgcc.a(_clzsi2.o)
                              d:/mounriver_studio/mounriver_studio_install/mounriver_studio2/resources/app/resources/win32/components/wch/toolchain/risc-v embedded gcc/bin/../lib/gcc/riscv-none-embed/8.2.0/rv32imacxw/ilp32\libgcc.a(mulsf3.o) (__clzsi2)
d:/mounriver_studio/mounriver_studio_install/mounriver_studio2/resources/app/resources/win32/components/wch/toolchain/risc-v embedded gcc/bin/../lib/gcc/riscv-none-embed/8.2.0/rv32imacxw/ilp32\libgcc.a(_clz.o)
                              d:/mounriver_studio/mounriver_studio_install/mounriver_studio2/resources/app/resources/win32/components/wch/toolchain/risc-v embedded gcc/bin/../lib/gcc/riscv-none-embed/8.2.0/rv32imacxw/ilp32\libgcc.a(_clzsi2.o) (__clz_tab)
d:/mounriver_studio/mounriver_studio_install/mounriver_studio2/resources/app/resources/win32/components/wch/toolchain/risc-v embedded gcc/bin/../lib/gcc/riscv-none-embed/8.2.0/../../../../riscv-none-embed/lib/rv32imacxw/ilp32\libg_nano.a(lib_a-memcpy.o)
                              ./User/main.o (memcpy)
d:/mounriver_studio/mounriver_studio_install/mounriver_studio2/resources/app/resources/win32/components/wch/toolchain/risc-v embedded gcc/bin/../lib/gcc/riscv-none-embed/8.2.0/../../../../riscv-none-embed/lib/rv32imacxw/ilp32\libg_nano.a(lib_a-sscanf.o)
                              ./User/main.o (sscanf)
d:/mounriver_studio/mounriver_studio_install/mounriver_studio2/resources/app/resources/win32/components/wch/toolchain/risc-v embedded gcc/bin/../lib/gcc/riscv-none-embed/8.2.0/../../../../riscv-none-embed/lib/rv32imacxw/ilp32\libg_nano.a(lib_a-stdio.o)
                              d:/mounriver_studio/mounriver_studio_install/mounriver_studio2/resources/app/resources/win32/components/wch/toolchain/risc-v embedded gcc/bin/../lib/gcc/riscv-none-embed/8.2.0/../../../../riscv-none-embed/lib/rv32imacxw/ilp32\libg_nano.a(lib_a-sscanf.o) (__seofread)
d:/mounriver_studio/mounriver_studio_install/mounriver_studio2/resources/app/resources/win32/components/wch/toolchain/risc-v embedded gcc/bin/../lib/gcc/riscv-none-embed/8.2.0/../../../../riscv-none-embed/lib/rv32imacxw/ilp32\libg_nano.a(lib_a-strlen.o)
                              d:/mounriver_studio/mounriver_studio_install/mounriver_studio2/resources/app/resources/win32/components/wch/toolchain/risc-v embedded gcc/bin/../lib/gcc/riscv-none-embed/8.2.0/../../../../riscv-none-embed/lib/rv32imacxw/ilp32\libg_nano.a(lib_a-sscanf.o) (strlen)
d:/mounriver_studio/mounriver_studio_install/mounriver_studio2/resources/app/resources/win32/components/wch/toolchain/risc-v embedded gcc/bin/../lib/gcc/riscv-none-embed/8.2.0/../../../../riscv-none-embed/lib/rv32imacxw/ilp32\libg_nano.a(lib_a-strstr.o)
                              ./User/main.o (strstr)
d:/mounriver_studio/mounriver_studio_install/mounriver_studio2/resources/app/resources/win32/components/wch/toolchain/risc-v embedded gcc/bin/../lib/gcc/riscv-none-embed/8.2.0/../../../../riscv-none-embed/lib/rv32imacxw/ilp32\libg_nano.a(lib_a-writer.o)
                              d:/mounriver_studio/mounriver_studio_install/mounriver_studio2/resources/app/resources/win32/components/wch/toolchain/risc-v embedded gcc/bin/../lib/gcc/riscv-none-embed/8.2.0/../../../../riscv-none-embed/lib/rv32imacxw/ilp32\libg_nano.a(lib_a-stdio.o) (_write_r)
d:/mounriver_studio/mounriver_studio_install/mounriver_studio2/resources/app/resources/win32/components/wch/toolchain/risc-v embedded gcc/bin/../lib/gcc/riscv-none-embed/8.2.0/../../../../riscv-none-embed/lib/rv32imacxw/ilp32\libg_nano.a(lib_a-closer.o)
                              d:/mounriver_studio/mounriver_studio_install/mounriver_studio2/resources/app/resources/win32/components/wch/toolchain/risc-v embedded gcc/bin/../lib/gcc/riscv-none-embed/8.2.0/../../../../riscv-none-embed/lib/rv32imacxw/ilp32\libg_nano.a(lib_a-stdio.o) (_close_r)
[...]
Memory Configuration

Name             Origin             Length             Attributes
FLASH            0x0000000000000000 0x0000000000048000 xr
RAM              0x0000000020000000 0x0000000000008000 xrw
*default*        0x0000000000000000 0xffffffffffffffff

Linker script and memory map

LOAD ./User/ch32v30x_it.o
LOAD ./User/main.o
LOAD ./User/system_ch32v30x.o
LOAD ./Startup/startup_ch32v30x_D8C.o
LOAD ./Peripheral/src/ch32v30x_adc.o
LOAD ./Peripheral/src/ch32v30x_bkp.o
LOAD ./Peripheral/src/ch32v30x_can.o
LOAD ./Peripheral/src/ch32v30x_crc.o
LOAD ./Peripheral/src/ch32v30x_dac.o
LOAD ./Peripheral/src/ch32v30x_dbgmcu.o
LOAD ./Peripheral/src/ch32v30x_dma.o
LOAD ./Peripheral/src/ch32v30x_dvp.o
LOAD ./Peripheral/src/ch32v30x_eth.o
LOAD ./Peripheral/src/ch32v30x_exti.o
LOAD ./Peripheral/src/ch32v30x_flash.o
LOAD ./Peripheral/src/ch32v30x_fsmc.o
LOAD ./Peripheral/src/ch32v30x_gpio.o
LOAD ./Peripheral/src/ch32v30x_i2c.o
LOAD ./Peripheral/src/ch32v30x_iwdg.o
LOAD ./Peripheral/src/ch32v30x_misc.o
LOAD ./Peripheral/src/ch32v30x_opa.o
LOAD ./Peripheral/src/ch32v30x_pwr.o
LOAD ./Peripheral/src/ch32v30x_rcc.o
LOAD ./Peripheral/src/ch32v30x_rng.o
LOAD ./Peripheral/src/ch32v30x_rtc.o
LOAD ./Peripheral/src/ch32v30x_sdio.o
LOAD ./Peripheral/src/ch32v30x_spi.o
LOAD ./Peripheral/src/ch32v30x_tim.o
LOAD ./Peripheral/src/ch32v30x_usart.o
LOAD ./Peripheral/src/ch32v30x_wwdg.o
LOAD ./Driver/as608.o
LOAD ./Driver/audio.o
LOAD ./Driver/esp8266.o
LOAD ./Driver/iic.o
LOAD ./Driver/key.o
LOAD ./Driver/lcd.o
LOAD ./Driver/timer.o
LOAD ./Driver/uart.o
LOAD ./Debug/debug.o
LOAD ./Core/core_riscv.o
LOAD d:/mounriver_studio/mounriver_studio_install/mounriver_studio2/resources/app/resources/win32/components/wch/toolchain/risc-v embedded gcc/bin/../lib/gcc/riscv-none-embed/8.2.0/../../../../riscv-none-embed/lib/rv32imacxw/ilp32\libm.a
LOAD d:/mounriver_studio/mounriver_studio_install/mounriver_studio2/resources/app/resources/win32/components/wch/toolchain/risc-v embedded gcc/bin/../lib/gcc/riscv-none-embed/8.2.0/rv32imacxw/ilp32\libgcc.a
LOAD d:/mounriver_studio/mounriver_studio_install/mounriver_studio2/resources/app/resources/win32/components/wch/toolchain/risc-v embedded gcc/bin/../lib/gcc/riscv-none-embed/8.2.0/../../../../riscv-none-embed/lib/rv32imacxw/ilp32\libg_nano.a
LOAD d:/mounriver_studio/mounriver_studio_install/mounriver_studio2/resources/app/resources/win32/components/wch/toolchain/risc-v embedded gcc/bin/../lib/gcc/riscv-none-embed/8.2.0/../../../../riscv-none-embed/lib/rv32imacxw/ilp32\libc_nano.a
LOAD d:/mounriver_studio/mounriver_studio_install/mounriver_studio2/resources/app/resources/win32/components/wch/toolchain/risc-v embedded gcc/bin/../lib/gcc/riscv-none-embed/8.2.0/rv32imacxw/ilp32\libgcc.a
START GROUP
LOAD d:/mounriver_studio/mounriver_studio_install/mounriver_studio2/resources/app/resources/win32/components/wch/toolchain/risc-v embedded gcc/bin/../lib/gcc/riscv-none-embed/8.2.0/rv32imacxw/ilp32\libgcc.a
LOAD d:/mounriver_studio/mounriver_studio_install/mounriver_studio2/resources/app/resources/win32/components/wch/toolchain/risc-v embedded gcc/bin/../lib/gcc/riscv-none-embed/8.2.0/../../../../riscv-none-embed/lib/rv32imacxw/ilp32\libc_nano.a
LOAD d:/mounriver_studio/mounriver_studio_install/mounriver_studio2/resources/app/resources/win32/components/wch/toolchain/risc-v embedded gcc/bin/../lib/gcc/riscv-none-embed/8.2.0/../../../../riscv-none-embed/lib/rv32imacxw/ilp32\libnosys.a
END GROUP
START GROUP
LOAD d:/mounriver_studio/mounriver_studio_install/mounriver_studio2/resources/app/resources/win32/components/wch/toolchain/risc-v embedded gcc/bin/../lib/gcc/riscv-none-embed/8.2.0/rv32imacxw/ilp32\libgcc.a
LOAD d:/mounriver_studio/mounriver_studio_install/mounriver_studio2/resources/app/resources/win32/components/wch/toolchain/risc-v embedded gcc/bin/../lib/gcc/riscv-none-embed/8.2.0/../../../../riscv-none-embed/lib/rv32imacxw/ilp32\libc_nano.a
LOAD d:/mounriver_studio/mounriver_studio_install/mounriver_studio2/resources/app/resources/win32/components/wch/toolchain/risc-v embedded gcc/bin/../lib/gcc/riscv-none-embed/8.2.0/../../../../riscv-none-embed/lib/rv32imacxw/ilp32\libnosys.a
END GROUP
                0x0000000000000800                __stack_size = 0x800
                [!provide]                        PROVIDE (_stack_size = __stack_size)

.init           0x0000000000000000        0x4
                0x0000000000000000                _sinit = .
                0x0000000000000000                . = ALIGN (0x4)
 *(SORT_NONE(.init))
 .init          0x0000000000000000        0x4 ./Startup/startup_ch32v30x_D8C.o
                0x0000000000000000                _start
                0x0000000000000004                . = ALIGN (0x4)
                0x0000000000000004                _einit = .

.vector         0x0000000000000004      0x1bc
 *(.vector)
 .vector        0x0000000000000004      0x1a0 ./Startup/startup_ch32v30x_D8C.o
                0x00000000000001c0                . = ALIGN (0x40)
 *fill*         0x00000000000001a4       0x1c 

.text           0x00000000000001c0    0x15ce4
                0x00000000000001c0                . = ALIGN (0x4)
 *(.text)
 .text          0x00000000000001c0       0x60 d:/mounriver_studio/mounriver_studio_install/mounriver_studio2/resources/app/resources/win32/components/wch/toolchain/risc-v embedded gcc/bin/../lib/gcc/riscv-none-embed/8.2.0/rv32imacxw/ilp32\libgcc.a(save-restore.o)
                0x00000000000001c0                __riscv_save_12
                0x00000000000001c8                __riscv_save_9
                0x00000000000001c8                __riscv_save_11
                0x00000000000001c8                __riscv_save_10
                0x00000000000001c8                __riscv_save_8
                0x00000000000001d6                __riscv_save_4
                0x00000000000001d6                __riscv_save_6
                0x00000000000001d6                __riscv_save_5
                0x00000000000001d6                __riscv_save_7
                0x00000000000001f0                __riscv_save_3
                0x00000000000001f0                __riscv_save_2
                0x00000000000001f0                __riscv_save_1
                0x00000000000001f0                __riscv_save_0
                0x00000000000001fc                __riscv_restore_12
                0x0000000000000200                __riscv_restore_11
                0x0000000000000200                __riscv_restore_9
                0x0000000000000200                __riscv_restore_10
                0x0000000000000200                __riscv_restore_8
                0x000000000000020a                __riscv_restore_5
                0x000000000000020a                __riscv_restore_7
                0x000000000000020a                __riscv_restore_6
                0x000000000000020a                __riscv_restore_4
                0x0000000000000214                __riscv_restore_3
                0x0000000000000214                __riscv_restore_0
                0x0000000000000214                __riscv_restore_2
                0x0000000000000214                __riscv_restore_1
 *(.text.*)
 .text.NMI_Handler
                0x0000000000000220        0x2 ./User/ch32v30x_it.o
                0x0000000000000220                NMI_Handler
 .text.HardFault_Handler
                0x0000000000000222       0x10 ./User/ch32v30x_it.o
                0x0000000000000222                HardFault_Handler
 .text.lock_proc
                0x0000000000000232        0xe ./User/main.o
                0x0000000000000232                lock_proc
 .text.esp8266_proc
                0x0000000000000240      0x13a ./User/main.o
                0x0000000000000240                esp8266_proc
 .text.lcd_proc
                0x000000000000037a      0x10c ./User/main.o
                0x000000000000037a                lcd_proc
 .text.TIM3_IRQHandler
                0x0000000000000486       0xb6 ./User/main.o
                0x0000000000000486                TIM3_IRQHandler
 .text.scheduler_run
                0x000000000000053c       0x3c ./User/main.o
                0x000000000000053c                scheduler_run
 .text.UART6_IRQHandler
                0x0000000000000578       0x4c ./User/main.o
                0x0000000000000578                UART6_IRQHandler
 .text.UART7_IRQHandler
                0x00000000000005c4       0x6a ./User/main.o
                0x00000000000005c4                UART7_IRQHandler
 .text.key_clear
                0x000000000000062e       0x1c ./User/main.o
                0x000000000000062e                key_clear
 .text.string_chek
                0x000000000000064a       0x2c ./User/main.o
                0x000000000000064a                string_chek
 .text.string_copy
                0x0000000000000676       0x1c ./User/main.o
                0x0000000000000676                string_copy
 .text.key_proc
                0x0000000000000692      0x250 ./User/main.o
                0x0000000000000692                key_proc
 .text.rfid_chek
                0x00000000000008e2       0x32 ./User/main.o
                0x00000000000008e2                rfid_chek
 .text.USART2_IRQHandler
                0x0000000000000914      0x116 ./User/main.o
                0x0000000000000914                USART2_IRQHandler
 .text.Ps_Wait  0x0000000000000a2a       0x1e ./User/main.o
                0x0000000000000a2a                Ps_Wait
 .text.as608_proc
                0x0000000000000a48       0xb0 ./User/main.o
                0x0000000000000a48                as608_proc
 .text.startup.main
                0x0000000000000af8      0x12a ./User/main.o
                0x0000000000000af8                main
 .text.SystemInit
                0x0000000000000c22       0xfa ./User/system_ch32v30x.o
                0x0000000000000c22                SystemInit
 .text.SystemCoreClockUpdate
                0x0000000000000d1c      0x12a ./User/system_ch32v30x.o
                0x0000000000000d1c                SystemCoreClockUpdate
 .text.vector_handler
                0x0000000000000e46        0x2 ./Startup/startup_ch32v30x_D8C.o
                0x0000000000000e46                EXTI2_IRQHandler
                0x0000000000000e46                TIM8_TRG_COM_IRQHandler
                0x0000000000000e46                TIM8_CC_IRQHandler
                0x0000000000000e46                UART8_IRQHandler
                0x0000000000000e46                TIM1_CC_IRQHandler
                0x0000000000000e46                TIM6_IRQHandler
                0x0000000000000e46                SysTick_Handler
                0x0000000000000e46                PVD_IRQHandler
                0x0000000000000e46                SDIO_IRQHandler
                0x0000000000000e46                TIM9_BRK_IRQHandler
                0x0000000000000e46                DMA2_Channel8_IRQHandler
                0x0000000000000e46                CAN2_RX1_IRQHandler
                0x0000000000000e46                EXTI3_IRQHandler
                0x0000000000000e46                USBHS_IRQHandler
                0x0000000000000e46                DMA2_Channel9_IRQHandler
                0x0000000000000e46                TIM10_CC_IRQHandler
                0x0000000000000e46                USBFS_IRQHandler
                0x0000000000000e46                EXTI0_IRQHandler
                0x0000000000000e46                I2C2_EV_IRQHandler
                0x0000000000000e46                TIM10_TRG_COM_IRQHandler
                0x0000000000000e46                CAN2_SCE_IRQHandler
                0x0000000000000e46                ADC1_2_IRQHandler
                0x0000000000000e46                Break_Point_Handler
                0x0000000000000e46                SPI1_IRQHandler
                0x0000000000000e46                TAMPER_IRQHandler
                0x0000000000000e46                CAN2_RX0_IRQHandler
                0x0000000000000e46                TIM8_UP_IRQHandler
                0x0000000000000e46                Ecall_M_Mode_Handler
                0x0000000000000e46                DMA2_Channel2_IRQHandler
                0x0000000000000e46                DMA1_Channel4_IRQHandler
                0x0000000000000e46                TIM9_UP_IRQHandler
                0x0000000000000e46                USART3_IRQHandler
                0x0000000000000e46                RTC_IRQHandler
                0x0000000000000e46                DMA1_Channel7_IRQHandler
                0x0000000000000e46                CAN1_RX1_IRQHandler
                0x0000000000000e46                DVP_IRQHandler
                0x0000000000000e46                UART5_IRQHandler
                0x0000000000000e46                TIM4_IRQHandler
                0x0000000000000e46                DMA2_Channel1_IRQHandler
                0x0000000000000e46                I2C1_EV_IRQHandler
                0x0000000000000e46                DMA1_Channel6_IRQHandler
                0x0000000000000e46                UART4_IRQHandler
                0x0000000000000e46                DMA2_Channel4_IRQHandler
                0x0000000000000e46                RCC_IRQHandler
                0x0000000000000e46                TIM1_TRG_COM_IRQHandler
                0x0000000000000e46                DMA1_Channel1_IRQHandler
                0x0000000000000e46                DMA2_Channel7_IRQHandler
                0x0000000000000e46                EXTI15_10_IRQHandler
                0x0000000000000e46                TIM7_IRQHandler
                0x0000000000000e46                CAN2_TX_IRQHandler
                0x0000000000000e46                TIM5_IRQHandler
                0x0000000000000e46                EXTI9_5_IRQHandler
                0x0000000000000e46                ETH_WKUP_IRQHandler
                0x0000000000000e46                SPI2_IRQHandler
                0x0000000000000e46                TIM10_BRK_IRQHandler
                0x0000000000000e46                TIM9_CC_IRQHandler
                0x0000000000000e46                DMA2_Channel5_IRQHandler
                0x0000000000000e46                DMA1_Channel5_IRQHandler
                0x0000000000000e46                EXTI4_IRQHandler
                0x0000000000000e46                USB_LP_CAN1_RX0_IRQHandler
                0x0000000000000e46                RNG_IRQHandler
                0x0000000000000e46                USB_HP_CAN1_TX_IRQHandler
                0x0000000000000e46                DMA1_Channel3_IRQHandler
                0x0000000000000e46                ETH_IRQHandler
                0x0000000000000e46                TIM1_UP_IRQHandler
                0x0000000000000e46                WWDG_IRQHandler
                0x0000000000000e46                USBHSWakeup_IRQHandler
                0x0000000000000e46                DMA2_Channel11_IRQHandler
                0x0000000000000e46                Ecall_U_Mode_Handler
                0x0000000000000e46                DMA2_Channel6_IRQHandler
                0x0000000000000e46                TIM2_IRQHandler
                0x0000000000000e46                SW_Handler
                0x0000000000000e46                TIM1_BRK_IRQHandler
                0x0000000000000e46                DMA2_Channel10_IRQHandler
                0x0000000000000e46                EXTI1_IRQHandler
                0x0000000000000e46                RTCAlarm_IRQHandler
                0x0000000000000e46                TIM10_UP_IRQHandler
                0x0000000000000e46                TIM9_TRG_COM_IRQHandler
                0x0000000000000e46                I2C2_ER_IRQHandler
                0x0000000000000e46                DMA1_Channel2_IRQHandler
                0x0000000000000e46                TIM8_BRK_IRQHandler
                0x0000000000000e46                CAN1_SCE_IRQHandler
                0x0000000000000e46                FLASH_IRQHandler
                0x0000000000000e46                USART1_IRQHandler
                0x0000000000000e46                I2C1_ER_IRQHandler
                0x0000000000000e46                USBWakeUp_IRQHandler
                0x0000000000000e46                DMA2_Channel3_IRQHandler
 .text.handle_reset
                0x0000000000000e48       0x8a ./Startup/startup_ch32v30x_D8C.o
                0x0000000000000e48                handle_reset
 .text.GPIO_Init
                0x0000000000000ed2       0xc0 ./Peripheral/src/ch32v30x_gpio.o
                0x0000000000000ed2                GPIO_Init
 .text.GPIO_ReadInputDataBit
                0x0000000000000f92        0xa ./Peripheral/src/ch32v30x_gpio.o
                0x0000000000000f92                GPIO_ReadInputDataBit
 .text.GPIO_SetBits
                0x0000000000000f9c        0x4 ./Peripheral/src/ch32v30x_gpio.o
                0x0000000000000f9c                GPIO_SetBits
 .text.GPIO_ResetBits
                0x0000000000000fa0        0x4 ./Peripheral/src/ch32v30x_gpio.o
                0x0000000000000fa0                GPIO_ResetBits
 .text.NVIC_PriorityGroupConfig
                0x0000000000000fa4        0x6 ./Peripheral/src/ch32v30x_misc.o
                0x0000000000000fa4                NVIC_PriorityGroupConfig
 .text.NVIC_Init
                0x0000000000000faa       0x5c ./Peripheral/src/ch32v30x_misc.o
                0x0000000000000faa                NVIC_Init
 .text.RCC_GetClocksFreq
                0x0000000000001006      0x176 ./Peripheral/src/ch32v30x_rcc.o
                0x0000000000001006                RCC_GetClocksFreq
 .text.RCC_APB2PeriphClockCmd
                0x000000000000117c       0x1e ./Peripheral/src/ch32v30x_rcc.o
                0x000000000000117c                RCC_APB2PeriphClockCmd
 .text.RCC_APB1PeriphClockCmd
                0x000000000000119a       0x1e ./Peripheral/src/ch32v30x_rcc.o
                0x000000000000119a                RCC_APB1PeriphClockCmd
 .text.SPI_Init
                0x00000000000011b8       0x3e ./Peripheral/src/ch32v30x_spi.o
                0x00000000000011b8                SPI_Init
 .text.SPI_Cmd  0x00000000000011f6       0x1a ./Peripheral/src/ch32v30x_spi.o
                0x00000000000011f6                SPI_Cmd
 .text.SPI_I2S_SendData
                0x0000000000001210        0x4 ./Peripheral/src/ch32v30x_spi.o
                0x0000000000001210                SPI_I2S_SendData
 .text.SPI_I2S_ReceiveData
                0x0000000000001214        0x4 ./Peripheral/src/ch32v30x_spi.o
                0x0000000000001214                SPI_I2S_ReceiveData
 .text.SPI_I2S_GetFlagStatus
                0x0000000000001218        0xa ./Peripheral/src/ch32v30x_spi.o
                0x0000000000001218                SPI_I2S_GetFlagStatus
 .text.TIM_TimeBaseInit
                0x0000000000001222       0xaa ./Peripheral/src/ch32v30x_tim.o
                0x0000000000001222                TIM_TimeBaseInit
 .text.TIM_OC1Init
                0x00000000000012cc       0x82 ./Peripheral/src/ch32v30x_tim.o
                0x00000000000012cc                TIM_OC1Init
 .text.TIM_Cmd  0x000000000000134e       0x18 ./Peripheral/src/ch32v30x_tim.o
                0x000000000000134e                TIM_Cmd
 .text.TIM_ITConfig
                0x0000000000001366       0x12 ./Peripheral/src/ch32v30x_tim.o
                0x0000000000001366                TIM_ITConfig
 .text.TIM_ARRPreloadConfig
                0x0000000000001378       0x1a ./Peripheral/src/ch32v30x_tim.o
                0x0000000000001378                TIM_ARRPreloadConfig
 .text.TIM_OC1PreloadConfig
                0x0000000000001392        0xe ./Peripheral/src/ch32v30x_tim.o
                0x0000000000001392                TIM_OC1PreloadConfig
 .text.TIM_SetCompare1
                0x00000000000013a0        0x4 ./Peripheral/src/ch32v30x_tim.o
                0x00000000000013a0                TIM_SetCompare1
 .text.TIM_GetITStatus
                0x00000000000013a4       0x18 ./Peripheral/src/ch32v30x_tim.o
                0x00000000000013a4                TIM_GetITStatus
 .text.TIM_ClearITPendingBit
                0x00000000000013bc        0xc ./Peripheral/src/ch32v30x_tim.o
                0x00000000000013bc                TIM_ClearITPendingBit
 .text.USART_Init
                0x00000000000013c8       0x8e ./Peripheral/src/ch32v30x_usart.o
                0x00000000000013c8                USART_Init
 .text.USART_Cmd
                0x0000000000001456       0x16 ./Peripheral/src/ch32v30x_usart.o
                0x0000000000001456                USART_Cmd
 .text.USART_ITConfig
                0x000000000000146c       0x36 ./Peripheral/src/ch32v30x_usart.o
                0x000000000000146c                USART_ITConfig
 .text.USART_SendData
                0x00000000000014a2        0x8 ./Peripheral/src/ch32v30x_usart.o
                0x00000000000014a2                USART_SendData
 .text.USART_ReceiveData
                0x00000000000014aa        0x8 ./Peripheral/src/ch32v30x_usart.o
                0x00000000000014aa                USART_ReceiveData
 .text.USART_GetFlagStatus
                0x00000000000014b2        0xa ./Peripheral/src/ch32v30x_usart.o
                0x00000000000014b2                USART_GetFlagStatus
 .text.USART_ClearFlag
                0x00000000000014bc        0xc ./Peripheral/src/ch32v30x_usart.o
                0x00000000000014bc                USART_ClearFlag
 .text.USART_GetITStatus
                0x00000000000014c8       0x3c ./Peripheral/src/ch32v30x_usart.o
                0x00000000000014c8                USART_GetITStatus
 .text.USART_ClearITPendingBit
                0x0000000000001504       0x14 ./Peripheral/src/ch32v30x_usart.o
                0x0000000000001504                USART_ClearITPendingBit
 .text.as608_init
                0x0000000000001518        0xc ./Driver/as608.o
                0x0000000000001518                as608_init
 .text.PS_GetImage
                0x0000000000001524       0x22 ./Driver/as608.o
                0x0000000000001524                PS_GetImage
 .text.PS_GenChar
                0x0000000000001546       0x34 ./Driver/as608.o
                0x0000000000001546                PS_GenChar
 .text.PS_RegModel
                0x000000000000157a       0x22 ./Driver/as608.o
                0x000000000000157a                PS_RegModel
 .text.PS_StoreChar
                0x000000000000159c       0x36 ./Driver/as608.o
                0x000000000000159c                PS_StoreChar
 .text.PS_Search
                0x00000000000015d2       0x22 ./Driver/as608.o
                0x00000000000015d2                PS_Search
 .text.PS_Empty
                0x00000000000015f4       0x22 ./Driver/as608.o
                0x00000000000015f4                PS_Empty
 .text.audio_init
                0x0000000000001616        0xc ./Driver/audio.o
                0x0000000000001616                audio_init
 .text.audio_play
                0x0000000000001622       0x48 ./Driver/audio.o
                0x0000000000001622                audio_play
 .text.audio_yinliang
                0x000000000000166a       0x4a ./Driver/audio.o
                0x000000000000166a                audio_yinliang
 .text.esp8266_init
                0x00000000000016b4        0xc ./Driver/esp8266.o
                0x00000000000016b4                esp8266_init
 .text.onenet_init
                0x00000000000016c0       0xea ./Driver/esp8266.o
                0x00000000000016c0                onenet_init
 .text.AT24C02_Init
                0x00000000000017aa       0x32 ./Driver/iic.o
                0x00000000000017aa                AT24C02_Init
 .text.I2C_Start
                0x00000000000017dc       0x4e ./Driver/iic.o
                0x00000000000017dc                I2C_Start
 .text.I2C_Stop
                0x000000000000182a       0x4e ./Driver/iic.o
                0x000000000000182a                I2C_Stop
 .text.I2C_Send_Bit_0
                0x0000000000001878       0x3c ./Driver/iic.o
                0x0000000000001878                I2C_Send_Bit_0
 .text.I2C_Send_Bit_1
                0x00000000000018b4       0x3c ./Driver/iic.o
                0x00000000000018b4                I2C_Send_Bit_1
 .text.I2C_Check_Ack
                0x00000000000018f0       0x58 ./Driver/iic.o
                0x00000000000018f0                I2C_Check_Ack
 .text.I2C_Write8Bit
                0x0000000000001948       0x24 ./Driver/iic.o
                0x0000000000001948                I2C_Write8Bit
 .text.EEPROM_Write
                0x000000000000196c       0x40 ./Driver/iic.o
                0x000000000000196c                EEPROM_Write
 .text.key_init
                0x00000000000019ac       0x92 ./Driver/key.o
                0x00000000000019ac                key_init
 .text.key_read
                0x0000000000001a3e      0x204 ./Driver/key.o
                0x0000000000001a3e                key_read
 .text.SPI_LCD_Init
                0x0000000000001c42       0xdc ./Driver/lcd.o
                0x0000000000001c42                SPI_LCD_Init
 .text.SPI3_IRQHandler
                0x0000000000001d1e        0x4 ./Driver/lcd.o
                0x0000000000001d1e                SPI3_IRQHandler
 .text.spi_readwrite
                0x0000000000001d22       0x62 ./Driver/lcd.o
                0x0000000000001d22                spi_readwrite
 .text.LCD_WR_DATA8
                0x0000000000001d84       0x30 ./Driver/lcd.o
                0x0000000000001d84                LCD_WR_DATA8
 .text.LCD_WR_DATA
                0x0000000000001db4       0x38 ./Driver/lcd.o
                0x0000000000001db4                LCD_WR_DATA
 .text.LCD_WR_REG
                0x0000000000001dec       0x32 ./Driver/lcd.o
                0x0000000000001dec                LCD_WR_REG
 .text.LCD_Address_Set
                0x0000000000001e1e       0x54 ./Driver/lcd.o
                0x0000000000001e1e                LCD_Address_Set
 .text.LCD_Init
                0x0000000000001e72      0x2bc ./Driver/lcd.o
                0x0000000000001e72                LCD_Init
 .text.LCD_Fill
                0x000000000000212e       0x42 ./Driver/lcd.o
                0x000000000000212e                LCD_Fill
 .text.LCD_DrawPoint
                0x0000000000002170       0x18 ./Driver/lcd.o
                0x0000000000002170                LCD_DrawPoint
 .text.LCD_ShowChinese16x16
                0x0000000000002188       0xe8 ./Driver/lcd.o
                0x0000000000002188                LCD_ShowChinese16x16
 .text.lcd_show_chinese
                0x0000000000002270       0x48 ./Driver/lcd.o
                0x0000000000002270                lcd_show_chinese
 .text.LCD_ShowChar
                0x00000000000022b8       0xe6 ./Driver/lcd.o
                0x00000000000022b8                LCD_ShowChar
 .text.LCD_ShowIntNum
                0x000000000000239e       0x94 ./Driver/lcd.o
                0x000000000000239e                LCD_ShowIntNum
 .text.LCD_ShowPicture
                0x0000000000002432       0x62 ./Driver/lcd.o
                0x0000000000002432                LCD_ShowPicture
 .text.TIM2_PWM_Init
                0x0000000000002494       0x8a ./Driver/timer.o
                0x0000000000002494                TIM2_PWM_Init
 .text.lock     0x000000000000251e       0x1a ./Driver/timer.o
                0x000000000000251e                lock
 .text.Tim3_Init
                0x0000000000002538       0x5a ./Driver/timer.o
                0x0000000000002538                Tim3_Init
 .text.Uart6_Init
                0x0000000000002592       0x8a ./Driver/uart.o
                0x0000000000002592                Uart6_Init
 .text.uart6_send_string
                0x000000000000261c       0x32 ./Driver/uart.o
                0x000000000000261c                uart6_send_string
 .text.Uart7_Init
                0x000000000000264e       0x8a ./Driver/uart.o
                0x000000000000264e                Uart7_Init
 .text.usart1_send_string
                0x00000000000026d8       0x32 ./Driver/uart.o
                0x00000000000026d8                usart1_send_string
 .text.uart7_send_string
                0x000000000000270a       0x3e ./Driver/uart.o
                0x000000000000270a                uart7_send_string
 .text.Usart3_Init
                0x0000000000002748       0x96 ./Driver/uart.o
                0x0000000000002748                Usart3_Init
 .text.Usart2_Init
                0x00000000000027de       0x92 ./Driver/uart.o
                0x00000000000027de                Usart2_Init
 .text.Delay_Init
                0x0000000000002870       0x26 ./Debug/debug.o
                0x0000000000002870                Delay_Init
 .text.Delay_Us
                0x0000000000002896       0x36 ./Debug/debug.o
                0x0000000000002896                Delay_Us
 .text.Delay_Ms
                0x00000000000028cc       0x36 ./Debug/debug.o
                0x00000000000028cc                Delay_Ms
 .text.USART_Printf_Init
                0x0000000000002902       0x5a ./Debug/debug.o
                0x0000000000002902                USART_Printf_Init
 .text._sbrk    0x000000000000295c       0x26 ./Debug/debug.o
                0x000000000000295c                _sbrk
 .text.memcpy   0x0000000000002982       0xb2 d:/mounriver_studio/mounriver_studio_install/mounriver_studio2/resources/app/resources/win32/components/wch/toolchain/risc-v embedded gcc/bin/../lib/gcc/riscv-none-embed/8.2.0/../../../../riscv-none-embed/lib/rv32imacxw/ilp32\libg_nano.a(lib_a-memcpy.o)
                0x0000000000002982                memcpy
 .text.sscanf   0x0000000000002a34       0x50 d:/mounriver_studio/mounriver_studio_install/mounriver_studio2/resources/app/resources/win32/components/wch/toolchain/risc-v embedded gcc/bin/../lib/gcc/riscv-none-embed/8.2.0/../../../../riscv-none-embed/lib/rv32imacxw/ilp32\libg_nano.a(lib_a-sscanf.o)
                0x0000000000002a34                siscanf
                0x0000000000002a34                sscanf
 .text.__seofread
                0x0000000000002a84        0x4 d:/mounriver_studio/mounriver_studio_install/mounriver_studio2/resources/app/resources/win32/components/wch/toolchain/risc-v embedded gcc/bin/../lib/gcc/riscv-none-embed/8.2.0/../../../../riscv-none-embed/lib/rv32imacxw/ilp32\libg_nano.a(lib_a-stdio.o)
                0x0000000000002a84                __seofread
 .text.strlen   0x0000000000002a88       0x12 d:/mounriver_studio/mounriver_studio_install/mounriver_studio2/resources/app/resources/win32/components/wch/toolchain/risc-v embedded gcc/bin/../lib/gcc/riscv-none-embed/8.2.0/../../../../riscv-none-embed/lib/rv32imacxw/ilp32\libg_nano.a(lib_a-strlen.o)
                0x0000000000002a88                strlen
 .text.strstr   0x0000000000002a9a       0x34 d:/mounriver_studio/mounriver_studio_install/mounriver_studio2/resources/app/resources/win32/components/wch/toolchain/risc-v embedded gcc/bin/../lib/gcc/riscv-none-embed/8.2.0/../../../../riscv-none-embed/lib/rv32imacxw/ilp32\libg_nano.a(lib_a-strstr.o)
                0x0000000000002a9a                strstr
 .text._sungetc_r
                0x0000000000002ace       0x96 d:/mounriver_studio/mounriver_studio_install/mounriver_studio2/resources/app/resources/win32/components/wch/toolchain/risc-v embedded gcc/bin/../lib/gcc/riscv-none-embed/8.2.0/../../../../riscv-none-embed/lib/rv32imacxw/ilp32\libg_nano.a(lib_a-nano-svfscanf.o)
                0x0000000000002ace                _sungetc_r
 .text.__ssrefill_r
                0x0000000000002b64       0x44 d:/mounriver_studio/mounriver_studio_install/mounriver_studio2/resources/app/resources/win32/components/wch/toolchain/risc-v embedded gcc/bin/../lib/gcc/riscv-none-embed/8.2.0/../../../../riscv-none-embed/lib/rv32imacxw/ilp32\libg_nano.a(lib_a-nano-svfscanf.o)
                0x0000000000002b64                __ssrefill_r
 .text.__ssvfscanf_r
                0x0000000000002ba8      0x3a2 d:/mounriver_studio/mounriver_studio_install/mounriver_studio2/resources/app/resources/win32/components/wch/toolchain/risc-v embedded gcc/bin/../lib/gcc/riscv-none-embed/8.2.0/../../../../riscv-none-embed/lib/rv32imacxw/ilp32\libg_nano.a(lib_a-nano-svfscanf.o)
                0x0000000000002ba8                __ssvfiscanf_r
                0x0000000000002ba8                __ssvfscanf_r
 .text._scanf_chars
                0x0000000000002f4a       0xe0 d:/mounriver_studio/mounriver_studio_install/mounriver_studio2/resources/app/resources/win32/components/wch/toolchain/risc-v embedded gcc/bin/../lib/gcc/riscv-none-embed/8.2.0/../../../../riscv-none-embed/lib/rv32imacxw/ilp32\libg_nano.a(lib_a-nano-vfscanf_i.o)
                0x0000000000002f4a                _scanf_chars
 .text._scanf_i
                0x000000000000302a      0x256 d:/mounriver_studio/mounriver_studio_install/mounriver_studio2/resources/app/resources/win32/components/wch/toolchain/risc-v embedded gcc/bin/../lib/gcc/riscv-none-embed/8.2.0/../../../../riscv-none-embed/lib/rv32imacxw/ilp32\libg_nano.a(lib_a-nano-vfscanf_i.o)
                0x000000000000302a                _scanf_i
 .text.__sccl   0x0000000000003280       0x82 d:/mounriver_studio/mounriver_studio_install/mounriver_studio2/resources/app/resources/win32/components/wch/toolchain/risc-v embedded gcc/bin/../lib/gcc/riscv-none-embed/8.2.0/../../../../riscv-none-embed/lib/rv32imacxw/ilp32\libg_nano.a(lib_a-sccl.o)
                0x0000000000003280                __sccl
 .text._strtol_l.isra.0
                0x0000000000003302      0x138 d:/mounriver_studio/mounriver_studio_install/mounriver_studio2/resources/app/resources/win32/components/wch/toolchain/risc-v embedded gcc/bin/../lib/gcc/riscv-none-embed/8.2.0/../../../../riscv-none-embed/lib/rv32imacxw/ilp32\libg_nano.a(lib_a-strtol.o)
 .text._strtol_r
                0x000000000000343a       0x16 d:/mounriver_studio/mounriver_studio_install/mounriver_studio2/resources/app/resources/win32/components/wch/toolchain/risc-v embedded gcc/bin/../lib/gcc/riscv-none-embed/8.2.0/../../../../riscv-none-embed/lib/rv32imacxw/ilp32\libg_nano.a(lib_a-strtol.o)
                0x000000000000343a                _strtol_r
 .text._strtoul_l.isra.0
                0x0000000000003450      0x12e d:/mounriver_studio/mounriver_studio_install/mounriver_studio2/resources/app/resources/win32/components/wch/toolchain/risc-v embedded gcc/bin/../lib/gcc/riscv-none-embed/8.2.0/../../../../riscv-none-embed/lib/rv32imacxw/ilp32\libg_nano.a(lib_a-strtoul.o)
 .text._strtoul_r
                0x000000000000357e       0x16 d:/mounriver_studio/mounriver_studio_install/mounriver_studio2/resources/app/resources/win32/components/wch/toolchain/risc-v embedded gcc/bin/../lib/gcc/riscv-none-embed/8.2.0/../../../../riscv-none-embed/lib/rv32imacxw/ilp32\libg_nano.a(lib_a-strtoul.o)
                0x000000000000357e                _strtoul_r
 .text.__submore
                0x0000000000003594       0x82 d:/mounriver_studio/mounriver_studio_install/mounriver_studio2/resources/app/resources/win32/components/wch/toolchain/risc-v embedded gcc/bin/../lib/gcc/riscv-none-embed/8.2.0/../../../../riscv-none-embed/lib/rv32imacxw/ilp32\libg_nano.a(lib_a-ungetc.o)
                0x0000000000003594                __submore
 .text.__locale_ctype_ptr_l
                0x0000000000003616        0x6 d:/mounriver_studio/mounriver_studio_install/mounriver_studio2/resources/app/resources/win32/components/wch/toolchain/risc-v embedded gcc/bin/../lib/gcc/riscv-none-embed/8.2.0/../../../../riscv-none-embed/lib/rv32imacxw/ilp32\libg_nano.a(lib_a-locale.o)
                0x0000000000003616                __locale_ctype_ptr_l
 .text.__locale_ctype_ptr
                0x000000000000361c       0x18 d:/mounriver_studio/mounriver_studio_install/mounriver_studio2/resources/app/resources/win32/components/wch/toolchain/risc-v embedded gcc/bin/../lib/gcc/riscv-none-embed/8.2.0/../../../../riscv-none-embed/lib/rv32imacxw/ilp32\libg_nano.a(lib_a-locale.o)
                0x000000000000361c                __locale_ctype_ptr
 .text.__ascii_mbtowc
                0x0000000000003634       0x32 d:/mounriver_studio/mounriver_studio_install/mounriver_studio2/resources/app/resources/win32/components/wch/toolchain/risc-v embedded gcc/bin/../lib/gcc/riscv-none-embed/8.2.0/../../../../riscv-none-embed/lib/rv32imacxw/ilp32\libg_nano.a(lib_a-mbtowc_r.o)
                0x0000000000003634                __ascii_mbtowc
 .text.memchr   0x0000000000003666       0x18 d:/mounriver_studio/mounriver_studio_install/mounriver_studio2/resources/app/resources/win32/components/wch/toolchain/risc-v embedded gcc/bin/../lib/gcc/riscv-none-embed/8.2.0/../../../../riscv-none-embed/lib/rv32imacxw/ilp32\libg_nano.a(lib_a-memchr.o)
                0x0000000000003666                memchr
 .text._free_r  0x000000000000367e       0xa4 d:/mounriver_studio/mounriver_studio_install/mounriver_studio2/resources/app/resources/win32/components/wch/toolchain/risc-v embedded gcc/bin/../lib/gcc/riscv-none-embed/8.2.0/../../../../riscv-none-embed/lib/rv32imacxw/ilp32\libg_nano.a(lib_a-nano-freer.o)
                0x000000000000367e                _free_r
 .text._malloc_r
                0x0000000000003722       0xce d:/mounriver_studio/mounriver_studio_install/mounriver_studio2/resources/app/resources/win32/components/wch/toolchain/risc-v embedded gcc/bin/../lib/gcc/riscv-none-embed/8.2.0/../../../../riscv-none-embed/lib/rv32imacxw/ilp32\libg_nano.a(lib_a-nano-mallocr.o)
                0x0000000000003722                _malloc_r
 .text._realloc_r
                0x00000000000037f0       0x58 d:/mounriver_studio/mounriver_studio_install/mounriver_studio2/resources/app/resources/win32/components/wch/toolchain/risc-v embedded gcc/bin/../lib/gcc/riscv-none-embed/8.2.0/../../../../riscv-none-embed/lib/rv32imacxw/ilp32\libg_nano.a(lib_a-nano-reallocr.o)
                0x00000000000037f0                _realloc_r
 .text._sbrk_r  0x0000000000003848       0x2a d:/mounriver_studio/mounriver_studio_install/mounriver_studio2/resources/app/resources/win32/components/wch/toolchain/risc-v embedded gcc/bin/../lib/gcc/riscv-none-embed/8.2.0/../../../../riscv-none-embed/lib/rv32imacxw/ilp32\libg_nano.a(lib_a-sbrkr.o)
                0x0000000000003848                _sbrk_r
 .text.__ascii_wctomb
                0x0000000000003872       0x1e d:/mounriver_studio/mounriver_studio_install/mounriver_studio2/resources/app/resources/win32/components/wch/toolchain/risc-v embedded gcc/bin/../lib/gcc/riscv-none-embed/8.2.0/../../../../riscv-none-embed/lib/rv32imacxw/ilp32\libg_nano.a(lib_a-wctomb_r.o)
                0x0000000000003872                __ascii_wctomb
 .text.__malloc_lock
                0x0000000000003890        0x2 d:/mounriver_studio/mounriver_studio_install/mounriver_studio2/resources/app/resources/win32/components/wch/toolchain/risc-v embedded gcc/bin/../lib/gcc/riscv-none-embed/8.2.0/../../../../riscv-none-embed/lib/rv32imacxw/ilp32\libg_nano.a(lib_a-mlock.o)
                0x0000000000003890                __malloc_lock
 .text.__malloc_unlock
                0x0000000000003892        0x2 d:/mounriver_studio/mounriver_studio_install/mounriver_studio2/resources/app/resources/win32/components/wch/toolchain/risc-v embedded gcc/bin/../lib/gcc/riscv-none-embed/8.2.0/../../../../riscv-none-embed/lib/rv32imacxw/ilp32\libg_nano.a(lib_a-mlock.o)
                0x0000000000003892                __malloc_unlock
 .text._malloc_usable_size_r
                0x0000000000003894       0x14 d:/mounriver_studio/mounriver_studio_install/mounriver_studio2/resources/app/resources/win32/components/wch/toolchain/risc-v embedded gcc/bin/../lib/gcc/riscv-none-embed/8.2.0/../../../../riscv-none-embed/lib/rv32imacxw/ilp32\libg_nano.a(lib_a-nano-msizer.o)
                0x0000000000003894                _malloc_usable_size_r
 *(.rodata)
 .rodata        0x00000000000038a8       0x38 ./Driver/as608.o
 *(.rodata*)
 .rodata.esp8266_proc
                0x00000000000038e0       0x20 ./User/main.o
 .rodata.key_proc
                0x0000000000003900       0x58 ./User/main.o
 .rodata.USART2_IRQHandler
                0x0000000000003958       0x2c ./User/main.o
 .rodata.esp8266_proc.str1.4
                0x0000000000003984      0x198 ./User/main.o
 .rodata.gImage_1
                0x0000000000003b1c     0x8000 ./User/main.o
                0x0000000000003b1c                gImage_1
 .rodata.gImage_2
                0x000000000000bb1c     0x8000 ./User/main.o
                0x000000000000bb1c                gImage_2
 .rodata.lcd_proc.str1.4
                0x0000000000013b1c       0x2b ./User/main.o
 *fill*         0x0000000000013b47        0x1 
 .rodata.main.str1.4
                0x0000000000013b48       0x15 ./User/main.o
 *fill*         0x0000000000013b5d        0x3 
 .rodata.ascii_1608
                0x0000000000013b60      0x5f0 ./Driver/lcd.o
                0x0000000000013b60                ascii_1608
 .rodata.ascii_3216
                0x0000000000014150     0x17c0 ./Driver/lcd.o
                0x0000000000014150                ascii_3216
 .rodata.tfont16
                0x0000000000015910      0x3fc ./Driver/lcd.o
                0x0000000000015910                tfont16
 .rodata.__ssvfscanf_r.str1.4
                0x0000000000015d0c        0x4 d:/mounriver_studio/mounriver_studio_install/mounriver_studio2/resources/app/resources/win32/components/wch/toolchain/risc-v embedded gcc/bin/../lib/gcc/riscv-none-embed/8.2.0/../../../../riscv-none-embed/lib/rv32imacxw/ilp32\libg_nano.a(lib_a-nano-svfscanf.o)
 .rodata._scanf_i.str1.4
                0x0000000000015d10       0x12 d:/mounriver_studio/mounriver_studio_install/mounriver_studio2/resources/app/resources/win32/components/wch/toolchain/risc-v embedded gcc/bin/../lib/gcc/riscv-none-embed/8.2.0/../../../../riscv-none-embed/lib/rv32imacxw/ilp32\libg_nano.a(lib_a-nano-vfscanf_i.o)
 *fill*         0x0000000000015d22        0x2 
 .rodata.str1.4
                0x0000000000015d24        0xb d:/mounriver_studio/mounriver_studio_install/mounriver_studio2/resources/app/resources/win32/components/wch/toolchain/risc-v embedded gcc/bin/../lib/gcc/riscv-none-embed/8.2.0/../../../../riscv-none-embed/lib/rv32imacxw/ilp32\libg_nano.a(lib_a-nano-vfscanf_i.o)
 *fill*         0x0000000000015d2f        0x1 
 .rodata.__sf_fake_stderr
                0x0000000000015d30       0x20 d:/mounriver_studio/mounriver_studio_install/mounriver_studio2/resources/app/resources/win32/components/wch/toolchain/risc-v embedded gcc/bin/../lib/gcc/riscv-none-embed/8.2.0/../../../../riscv-none-embed/lib/rv32imacxw/ilp32\libg_nano.a(lib_a-findfp.o)
                0x0000000000015d30                __sf_fake_stderr
 .rodata.__sf_fake_stdin
                0x0000000000015d50       0x20 d:/mounriver_studio/mounriver_studio_install/mounriver_studio2/resources/app/resources/win32/components/wch/toolchain/risc-v embedded gcc/bin/../lib/gcc/riscv-none-embed/8.2.0/../../../../riscv-none-embed/lib/rv32imacxw/ilp32\libg_nano.a(lib_a-findfp.o)
                0x0000000000015d50                __sf_fake_stdin
 .rodata.__sf_fake_stdout
                0x0000000000015d70       0x20 d:/mounriver_studio/mounriver_studio_install/mounriver_studio2/resources/app/resources/win32/components/wch/toolchain/risc-v embedded gcc/bin/../lib/gcc/riscv-none-embed/8.2.0/../../../../riscv-none-embed/lib/rv32imacxw/ilp32\libg_nano.a(lib_a-findfp.o)
                0x0000000000015d70                __sf_fake_stdout
 .rodata._setlocale_r.str1.4
                0x0000000000015d90        0xa d:/mounriver_studio/mounriver_studio_install/mounriver_studio2/resources/app/resources/win32/components/wch/toolchain/risc-v embedded gcc/bin/../lib/gcc/riscv-none-embed/8.2.0/../../../../riscv-none-embed/lib/rv32imacxw/ilp32\libg_nano.a(lib_a-locale.o)
                                          0xd (size before relaxing)
 *fill*         0x0000000000015d9a        0x2 
 .rodata.str1.4
                0x0000000000015d9c        0x4 d:/mounriver_studio/mounriver_studio_install/mounriver_studio2/resources/app/resources/win32/components/wch/toolchain/risc-v embedded gcc/bin/../lib/gcc/riscv-none-embed/8.2.0/../../../../riscv-none-embed/lib/rv32imacxw/ilp32\libg_nano.a(lib_a-locale.o)
                                          0x2 (size before relaxing)
 .rodata._ctype_
                0x0000000000015da0      0x101 d:/mounriver_studio/mounriver_studio_install/mounriver_studio2/resources/app/resources/win32/components/wch/toolchain/risc-v embedded gcc/bin/../lib/gcc/riscv-none-embed/8.2.0/../../../../riscv-none-embed/lib/rv32imacxw/ilp32\libg_nano.a(lib_a-ctype_.o)
                0x0000000000015da0                _ctype_
 *(.gnu.linkonce.t.*)
                0x0000000000015ea4                . = ALIGN (0x4)
 *fill*         0x0000000000015ea1        0x3 

.rela.dyn       0x0000000000015ea4        0x0
 .rela.init     0x0000000000015ea4        0x0 ./User/ch32v30x_it.o
 .rela.vector   0x0000000000015ea4        0x0 ./User/ch32v30x_it.o
 .rela.text.handle_reset
                0x0000000000015ea4        0x0 ./User/ch32v30x_it.o
 .rela.text._sbrk
                0x0000000000015ea4        0x0 ./User/ch32v30x_it.o
 .rela.sdata.curbrk.5273
                0x0000000000015ea4        0x0 ./User/ch32v30x_it.o
 .rela.text.__ssvfscanf_r
                0x0000000000015ea4        0x0 ./User/ch32v30x_it.o
 .rela.text._sbrk_r
                0x0000000000015ea4        0x0 ./User/ch32v30x_it.o

.fini           0x0000000000015ea4        0x0
 *(SORT_NONE(.fini))
                0x0000000000015ea4                . = ALIGN (0x4)
                [!provide]                        PROVIDE (_etext = .)
                [!provide]                        PROVIDE (_eitcm = .)

.preinit_array  0x0000000000015ea4        0x0
                [!provide]                        PROVIDE (__preinit_array_start = .)
 *(.preinit_array)
                [!provide]                        PROVIDE (__preinit_array_end = .)

.init_array     0x0000000000015ea4        0x0
                [!provide]                        PROVIDE (__init_array_start = .)
 *(SORT_BY_INIT_PRIORITY(.init_array.*) SORT_BY_INIT_PRIORITY(.ctors.*))
 *(.init_array EXCLUDE_FILE(*crtend?.o *crtend.o *crtbegin?.o *crtbegin.o) .ctors)
                [!provide]                        PROVIDE (__init_array_end = .)

.fini_array     0x0000000000015ea4        0x0
                [!provide]                        PROVIDE (__fini_array_start = .)
 *(SORT_BY_INIT_PRIORITY(.fini_array.*) SORT_BY_INIT_PRIORITY(.dtors.*))
 *(.fini_array EXCLUDE_FILE(*crtend?.o *crtend.o *crtbegin?.o *crtbegin.o) .dtors)
                [!provide]                        PROVIDE (__fini_array_end = .)

.ctors
 *crtbegin.o(.ctors)
 *crtbegin?.o(.ctors)
 *(EXCLUDE_FILE(*crtend?.o *crtend.o) .ctors)
 *(SORT_BY_NAME(.ctors.*))
 *(.ctors)

.dtors
 *crtbegin.o(.dtors)
 *crtbegin?.o(.dtors)
 *(EXCLUDE_FILE(*crtend?.o *crtend.o) .dtors)
 *(SORT_BY_NAME(.dtors.*))
 *(.dtors)

.dalign         0x0000000020000000        0x0 load address 0x0000000000015ea4
                0x0000000020000000                . = ALIGN (0x4)
                0x0000000020000000                PROVIDE (_data_vma = .)

.dlalign        0x0000000000015ea4        0x0
                0x0000000000015ea4                . = ALIGN (0x4)
                0x0000000000015ea4                PROVIDE (_data_lma = .)

.data           0x0000000020000000      0x440 load address 0x0000000000015ea4
 *(.gnu.linkonce.r.*)
 *(.data .data.*)
 .data.scheduler_task
                0x0000000020000000       0x3c ./User/main.o
                0x0000000020000000                scheduler_task
 .data.AHBPrescTable
                0x000000002000003c       0x10 ./User/system_ch32v30x.o
                0x000000002000003c                AHBPrescTable
 .data.APBAHBPrescTable
                0x000000002000004c       0x10 ./Peripheral/src/ch32v30x_rcc.o
 .data.string1  0x000000002000005c        0x9 ./Driver/esp8266.o
                0x000000002000005c                string1
 *fill*         0x0000000020000065        0x3 
 .data.string2  0x0000000020000068        0xe ./Driver/esp8266.o
                0x0000000020000068                string2
 *fill*         0x0000000020000076        0x2 
 .data.string3  0x0000000020000078       0x10 ./Driver/esp8266.o
                0x0000000020000078                string3
 .data.string4  0x0000000020000088       0x25 ./Driver/esp8266.o
                0x0000000020000088                string4
 *fill*         0x00000000200000ad        0x3 
 .data.string5  0x00000000200000b0       0xab ./Driver/esp8266.o
                0x00000000200000b0                string5
 *fill*         0x000000002000015b        0x1 
 .data.string6  0x000000002000015c       0x2c ./Driver/esp8266.o
                0x000000002000015c                string6
 .data.string7  0x0000000020000188       0x3b ./Driver/esp8266.o
                0x0000000020000188                string7
 *fill*         0x00000000200001c3        0x1 
 .data.string8  0x00000000200001c4       0x80 ./Driver/esp8266.o
                0x00000000200001c4                string8
 .data.impure_data
                0x0000000020000244       0x60 d:/mounriver_studio/mounriver_studio_install/mounriver_studio2/resources/app/resources/win32/components/wch/toolchain/risc-v embedded gcc/bin/../lib/gcc/riscv-none-embed/8.2.0/../../../../riscv-none-embed/lib/rv32imacxw/ilp32\libg_nano.a(lib_a-impure.o)
 .data.__global_locale
                0x00000000200002a4      0x16c d:/mounriver_studio/mounriver_studio_install/mounriver_studio2/resources/app/resources/win32/components/wch/toolchain/risc-v embedded gcc/bin/../lib/gcc/riscv-none-embed/8.2.0/../../../../riscv-none-embed/lib/rv32imacxw/ilp32\libg_nano.a(lib_a-locale.o)
                0x00000000200002a4                __global_locale
 *(.gnu.linkonce.d.*)
                0x0000000020000410                . = ALIGN (0x8)
                0x0000000020000c10                PROVIDE (__global_pointer$ = (. + 0x800))
 *(.sdata .sdata.*)
 .sdata.as608_store_index
                0x0000000020000410        0x1 ./User/main.o
                0x0000000020000410                as608_store_index
 *fill*         0x0000000020000411        0x3 
 .sdata.key_temp
                0x0000000020000414        0x7 ./User/main.o
                0x0000000020000414                key_temp
 .sdata.lock_flag
                0x000000002000041b        0x1 ./User/main.o
                0x000000002000041b                lock_flag
 .sdata.password
                0x000000002000041c        0x6 ./User/main.o
                0x000000002000041c                password
 *fill*         0x0000000020000422        0x2 
 .sdata.password_cmd
                0x0000000020000424        0x6 ./User/main.o
                0x0000000020000424                password_cmd
 .sdata.time15s
                0x000000002000042a        0x2 ./User/main.o
                0x000000002000042a                time15s
 .sdata.SystemCoreClock
                0x000000002000042c        0x4 ./User/system_ch32v30x.o
                0x000000002000042c                SystemCoreClock
 .sdata.ADCPrescTable
                0x0000000020000430        0x4 ./Peripheral/src/ch32v30x_rcc.o
 .sdata.curbrk.5273
                0x0000000020000434        0x4 ./Debug/debug.o
 .sdata._impure_ptr
                0x0000000020000438        0x4 d:/mounriver_studio/mounriver_studio_install/mounriver_studio2/resources/app/resources/win32/components/wch/toolchain/risc-v embedded gcc/bin/../lib/gcc/riscv-none-embed/8.2.0/../../../../riscv-none-embed/lib/rv32imacxw/ilp32\libg_nano.a(lib_a-impure.o)
                0x0000000020000438                _impure_ptr
 *(.sdata2.*)
 *(.gnu.linkonce.s.*)
                0x0000000020000440                . = ALIGN (0x8)
 *fill*         0x000000002000043c        0x4 
 *(.srodata.cst16)
 *(.srodata.cst8)
 *(.srodata.cst4)
 *(.srodata.cst2)
 *(.srodata .srodata.*)
                0x0000000020000440                . = ALIGN (0x4)
                0x0000000020000440                PROVIDE (_edata = .)

.bss            0x0000000020000440      0x15c load address 0x00000000000162e4
                0x0000000020000440                . = ALIGN (0x4)
                0x0000000020000440                PROVIDE (_sbss = .)
 *(.sbss*)
 .sbss.as608_proc_falg
                0x0000000020000440        0x1 ./User/main.o
                0x0000000020000440                as608_proc_falg
 .sbss.as608_proc_falg_old
                0x0000000020000441        0x1 ./User/main.o
                0x0000000020000441                as608_proc_falg_old
 .sbss.key_down
                0x0000000020000442        0x1 ./User/main.o
                0x0000000020000442                key_down
 .sbss.key_index
                0x0000000020000443        0x1 ./User/main.o
                0x0000000020000443                key_index
 .sbss.key_index_old
                0x0000000020000444        0x1 ./User/main.o
                0x0000000020000444                key_index_old
 .sbss.key_old  0x0000000020000445        0x1 ./User/main.o
                0x0000000020000445                key_old
 .sbss.key_up   0x0000000020000446        0x1 ./User/main.o
                0x0000000020000446                key_up
 .sbss.key_val  0x0000000020000447        0x1 ./User/main.o
                0x0000000020000447                key_val
 .sbss.mode     0x0000000020000448        0x1 ./User/main.o
                0x0000000020000448                mode
 .sbss.password_error
                0x0000000020000449        0x1 ./User/main.o
                0x0000000020000449                password_error
 .sbss.ps_wait_flag
                0x000000002000044a        0x1 ./User/main.o
                0x000000002000044a                ps_wait_flag
 .sbss.rfid_index
                0x000000002000044b        0x1 ./User/main.o
                0x000000002000044b                rfid_index
 .sbss.rfid_password_index
                0x000000002000044c        0x1 ./User/main.o
                0x000000002000044c                rfid_password_index
 *fill*         0x000000002000044d        0x3 
 .sbss.rfid_temp
                0x0000000020000450        0x4 ./User/main.o
                0x0000000020000450                rfid_temp
 .sbss.show_flag
                0x0000000020000454        0x1 ./User/main.o
                0x0000000020000454                show_flag
 .sbss.show_flag_old
                0x0000000020000455        0x1 ./User/main.o
                0x0000000020000455                show_flag_old
 .sbss.task_num
                0x0000000020000456        0x1 ./User/main.o
                0x0000000020000456                task_num
 *fill*         0x0000000020000457        0x1 
 .sbss.time1000ms
                0x0000000020000458        0x2 ./User/main.o
                0x0000000020000458                time1000ms
 .sbss.time5000ms
                0x000000002000045a        0x2 ./User/main.o
                0x000000002000045a                time5000ms
 .sbss.uart6_rec_index
                0x000000002000045c        0x1 ./User/main.o
                0x000000002000045c                uart6_rec_index
 .sbss.uart6_rec_tick
                0x000000002000045d        0x1 ./User/main.o
                0x000000002000045d                uart6_rec_tick
 .sbss.uart7_rec_index
                0x000000002000045e        0x1 ./User/main.o
                0x000000002000045e                uart7_rec_index
 .sbss.uart7_rec_tick
                0x000000002000045f        0x1 ./User/main.o
                0x000000002000045f                uart7_rec_tick
 .sbss.uwtick   0x0000000020000460        0x4 ./User/main.o
                0x0000000020000460                uwtick
 .sbss.NVIC_Priority_Group
                0x0000000020000464        0x4 ./Peripheral/src/ch32v30x_misc.o
                0x0000000020000464                NVIC_Priority_Group
 .sbss.p_ms     0x0000000020000468        0x2 ./Debug/debug.o
 .sbss.p_us     0x000000002000046a        0x1 ./Debug/debug.o
 *fill*         0x000000002000046b        0x1 
 .sbss.__malloc_free_list
                0x000000002000046c        0x4 d:/mounriver_studio/mounriver_studio_install/mounriver_studio2/resources/app/resources/win32/components/wch/toolchain/risc-v embedded gcc/bin/../lib/gcc/riscv-none-embed/8.2.0/../../../../riscv-none-embed/lib/rv32imacxw/ilp32\libg_nano.a(lib_a-nano-mallocr.o)
                0x000000002000046c                __malloc_free_list
 .sbss.__malloc_sbrk_start
                0x0000000020000470        0x4 d:/mounriver_studio/mounriver_studio_install/mounriver_studio2/resources/app/resources/win32/components/wch/toolchain/risc-v embedded gcc/bin/../lib/gcc/riscv-none-embed/8.2.0/../../../../riscv-none-embed/lib/rv32imacxw/ilp32\libg_nano.a(lib_a-nano-mallocr.o)
                0x0000000020000470                __malloc_sbrk_start
 *(.gnu.linkonce.sb.*)
 *(.bss*)
 .bss.rfid      0x0000000020000474       0x10 ./User/main.o
                0x0000000020000474                rfid
 .bss.uart6_rec_string
                0x0000000020000484      0x100 ./User/main.o
                0x0000000020000484                uart6_rec_string
 .bss.uart7_rec_string
                0x0000000020000584       0x14 ./User/main.o
                0x0000000020000584                uart7_rec_string
 *(.gnu.linkonce.b.*)
 *(COMMON*)
 COMMON         0x0000000020000598        0x4 d:/mounriver_studio/mounriver_studio_install/mounriver_studio2/resources/app/resources/win32/components/wch/toolchain/risc-v embedded gcc/bin/../lib/gcc/riscv-none-embed/8.2.0/../../../../riscv-none-embed/lib/rv32imacxw/ilp32\libg_nano.a(lib_a-reent.o)
                0x0000000020000598                errno
                0x000000002000059c                . = ALIGN (0x4)
                0x000000002000059c                PROVIDE (_ebss = .)
                0x000000002000059c                PROVIDE (_end = _ebss)
                [!provide]                        PROVIDE (end = .)

.stack          0x0000000020007800      0x800
                0x0000000020007800                PROVIDE (_heap_end = .)
                0x0000000020007800                . = ALIGN (0x4)
                [!provide]                        PROVIDE (_susrstack = .)
                0x0000000020008000                . = (. + __stack_size)
 *fill*         0x0000000020007800      0x800 
                0x0000000020008000                PROVIDE (_eusrstack = .)
OUTPUT(smart_door_lock.elf elf32-littleriscv)

.debug_info     0x0000000000000000    0x16b97
 .debug_info    0x0000000000000000      0xbc0 ./User/ch32v30x_it.o
 .debug_info    0x0000000000000bc0     0x1e8c ./User/main.o
 .debug_info    0x0000000000002a4c      0xbb5 ./User/system_ch32v30x.o
 .debug_info    0x0000000000003601       0x22 ./Startup/startup_ch32v30x_D8C.o
 .debug_info    0x0000000000003623     0x12aa ./Peripheral/src/ch32v30x_gpio.o
 .debug_info    0x00000000000048cd      0xf5b ./Peripheral/src/ch32v30x_misc.o
 .debug_info    0x0000000000005828     0x158a ./Peripheral/src/ch32v30x_rcc.o
 .debug_info    0x0000000000006db2     0x12cd ./Peripheral/src/ch32v30x_spi.o
 .debug_info    0x000000000000807f     0x2a3c ./Peripheral/src/ch32v30x_tim.o
 .debug_info    0x000000000000aabb     0x13cd ./Peripheral/src/ch32v30x_usart.o
 .debug_info    0x000000000000be88      0xdc5 ./Driver/as608.o
 .debug_info    0x000000000000cc4d      0xbb6 ./Driver/audio.o
 .debug_info    0x000000000000d803      0xcbe ./Driver/esp8266.o
 .debug_info    0x000000000000e4c1     0x1423 ./Driver/iic.o
 .debug_info    0x000000000000f8e4      0xfa7 ./Driver/key.o
 .debug_info    0x000000000001088b     0x2b70 ./Driver/lcd.o
 .debug_info    0x00000000000133fb     0x1357 ./Driver/timer.o
 .debug_info    0x0000000000014752     0x14fb ./Driver/uart.o
 .debug_info    0x0000000000015c4d      0xf4a ./Debug/debug.o

.debug_abbrev   0x0000000000000000     0x3658
 .debug_abbrev  0x0000000000000000      0x22c ./User/ch32v30x_it.o
 .debug_abbrev  0x000000000000022c      0x42c ./User/main.o
 .debug_abbrev  0x0000000000000658      0x2c0 ./User/system_ch32v30x.o
 .debug_abbrev  0x0000000000000918       0x12 ./Startup/startup_ch32v30x_D8C.o
 .debug_abbrev  0x000000000000092a      0x31a ./Peripheral/src/ch32v30x_gpio.o
 .debug_abbrev  0x0000000000000c44      0x2da ./Peripheral/src/ch32v30x_misc.o
 .debug_abbrev  0x0000000000000f1e      0x351 ./Peripheral/src/ch32v30x_rcc.o
 .debug_abbrev  0x000000000000126f      0x312 ./Peripheral/src/ch32v30x_spi.o
 .debug_abbrev  0x0000000000001581      0x3ee ./Peripheral/src/ch32v30x_tim.o
 .debug_abbrev  0x000000000000196f      0x312 ./Peripheral/src/ch32v30x_usart.o
 .debug_abbrev  0x0000000000001c81      0x2b6 ./Driver/as608.o
 .debug_abbrev  0x0000000000001f37      0x298 ./Driver/audio.o
 .debug_abbrev  0x00000000000021cf      0x233 ./Driver/esp8266.o
 .debug_abbrev  0x0000000000002402      0x31a ./Driver/iic.o
 .debug_abbrev  0x000000000000271c      0x29a ./Driver/key.o
 .debug_abbrev  0x00000000000029b6      0x436 ./Driver/lcd.o
 .debug_abbrev  0x0000000000002dec      0x2a6 ./Driver/timer.o
 .debug_abbrev  0x0000000000003092      0x2d1 ./Driver/uart.o
 .debug_abbrev  0x0000000000003363      0x2f5 ./Debug/debug.o

.debug_aranges  0x0000000000000000      0xb30
 .debug_aranges
                0x0000000000000000       0x28 ./User/ch32v30x_it.o
 .debug_aranges
                0x0000000000000028       0xa0 ./User/main.o
 .debug_aranges
                0x00000000000000c8       0x28 ./User/system_ch32v30x.o
 .debug_aranges
                0x00000000000000f0       0x30 ./Startup/startup_ch32v30x_D8C.o
 .debug_aranges
                0x0000000000000120       0xb0 ./Peripheral/src/ch32v30x_gpio.o
 .debug_aranges
                0x00000000000001d0       0x28 ./Peripheral/src/ch32v30x_misc.o
 .debug_aranges
                0x00000000000001f8      0x1a8 ./Peripheral/src/ch32v30x_rcc.o
 .debug_aranges
                0x00000000000003a0       0xd0 ./Peripheral/src/ch32v30x_spi.o
 .debug_aranges
                0x0000000000000470      0x2d0 ./Peripheral/src/ch32v30x_tim.o
 .debug_aranges
                0x0000000000000740       0xf0 ./Peripheral/src/ch32v30x_usart.o
 .debug_aranges
                0x0000000000000830       0x58 ./Driver/as608.o
 .debug_aranges
                0x0000000000000888       0x30 ./Driver/audio.o
 .debug_aranges
                0x00000000000008b8       0x28 ./Driver/esp8266.o
 .debug_aranges
                0x00000000000008e0       0x80 ./Driver/iic.o
 .debug_aranges
                0x0000000000000960       0x28 ./Driver/key.o
 .debug_aranges
                0x0000000000000988       0xd8 ./Driver/lcd.o
 .debug_aranges
                0x0000000000000a60       0x30 ./Driver/timer.o
 .debug_aranges
                0x0000000000000a90       0x50 ./Driver/uart.o
 .debug_aranges
                0x0000000000000ae0       0x50 ./Debug/debug.o

.debug_ranges   0x0000000000000000      0xb10
 .debug_ranges  0x0000000000000000       0x18 ./User/ch32v30x_it.o
 .debug_ranges  0x0000000000000018       0xf8 ./User/main.o
 .debug_ranges  0x0000000000000110       0x38 ./User/system_ch32v30x.o
 .debug_ranges  0x0000000000000148       0x28 ./Startup/startup_ch32v30x_D8C.o
 .debug_ranges  0x0000000000000170       0xa0 ./Peripheral/src/ch32v30x_gpio.o
 .debug_ranges  0x0000000000000210       0x30 ./Peripheral/src/ch32v30x_misc.o
 .debug_ranges  0x0000000000000240      0x198 ./Peripheral/src/ch32v30x_rcc.o
 .debug_ranges  0x00000000000003d8       0xc0 ./Peripheral/src/ch32v30x_spi.o
 .debug_ranges  0x0000000000000498      0x2c0 ./Peripheral/src/ch32v30x_tim.o
 .debug_ranges  0x0000000000000758       0xe0 ./Peripheral/src/ch32v30x_usart.o
 .debug_ranges  0x0000000000000838       0x48 ./Driver/as608.o
 .debug_ranges  0x0000000000000880       0x20 ./Driver/audio.o
 .debug_ranges  0x00000000000008a0       0x18 ./Driver/esp8266.o
 .debug_ranges  0x00000000000008b8       0x70 ./Driver/iic.o
 .debug_ranges  0x0000000000000928       0x18 ./Driver/key.o
 .debug_ranges  0x0000000000000940      0x130 ./Driver/lcd.o
 .debug_ranges  0x0000000000000a70       0x20 ./Driver/timer.o
 .debug_ranges  0x0000000000000a90       0x40 ./Driver/uart.o
 .debug_ranges  0x0000000000000ad0       0x40 ./Debug/debug.o

.debug_line     0x0000000000000000    0x1043a
 .debug_line    0x0000000000000000      0x39a ./User/ch32v30x_it.o
 .debug_line    0x000000000000039a     0x1a22 ./User/main.o
 .debug_line    0x0000000000001dbc      0x9eb ./User/system_ch32v30x.o
 .debug_line    0x00000000000027a7      0x122 ./Startup/startup_ch32v30x_D8C.o
 .debug_line    0x00000000000028c9     0x1354 ./Peripheral/src/ch32v30x_gpio.o
 .debug_line    0x0000000000003c1d      0x4d2 ./Peripheral/src/ch32v30x_misc.o
 .debug_line    0x00000000000040ef     0x1a86 ./Peripheral/src/ch32v30x_rcc.o
 .debug_line    0x0000000000005b75      0xe2d ./Peripheral/src/ch32v30x_spi.o
 .debug_line    0x00000000000069a2     0x31d6 ./Peripheral/src/ch32v30x_tim.o
 .debug_line    0x0000000000009b78      0xff3 ./Peripheral/src/ch32v30x_usart.o
 .debug_line    0x000000000000ab6b      0x64f ./Driver/as608.o
 .debug_line    0x000000000000b1ba      0x53f ./Driver/audio.o
 .debug_line    0x000000000000b6f9      0x43c ./Driver/esp8266.o
 .debug_line    0x000000000000bb35      0xa61 ./Driver/iic.o
 .debug_line    0x000000000000c596      0x825 ./Driver/key.o
 .debug_line    0x000000000000cdbb     0x1d54 ./Driver/lcd.o
 .debug_line    0x000000000000eb0f      0x627 ./Driver/timer.o
 .debug_line    0x000000000000f136      0xac8 ./Driver/uart.o
 .debug_line    0x000000000000fbfe      0x83c ./Debug/debug.o

.debug_str      0x0000000000000000     0x3393
 .debug_str     0x0000000000000000      0x619 ./User/ch32v30x_it.o
                                        0x698 (size before relaxing)
 .debug_str     0x0000000000000619      0x696 ./User/main.o
                                        0xccc (size before relaxing)
 .debug_str     0x0000000000000caf      0x109 ./User/system_ch32v30x.o
                                        0x6fd (size before relaxing)
 .debug_str     0x0000000000000db8       0x2e ./Startup/startup_ch32v30x_D8C.o
                                         0x6d (size before relaxing)
 .debug_str     0x0000000000000de6      0x3ba ./Peripheral/src/ch32v30x_gpio.o
                                        0x9c3 (size before relaxing)
 .debug_str     0x00000000000011a0      0x63c ./Peripheral/src/ch32v30x_misc.o
                                        0xccc (size before relaxing)
 .debug_str     0x00000000000017dc      0x5c2 ./Peripheral/src/ch32v30x_rcc.o
                                        0xcf2 (size before relaxing)
 .debug_str     0x0000000000001d9e      0x35a ./Peripheral/src/ch32v30x_spi.o
                                        0xaa2 (size before relaxing)
 .debug_str     0x00000000000020f8      0xa82 ./Peripheral/src/ch32v30x_tim.o
                                       0x1299 (size before relaxing)
 .debug_str     0x0000000000002b7a      0x38c ./Peripheral/src/ch32v30x_usart.o
                                        0xb0d (size before relaxing)
 .debug_str     0x0000000000002f06       0x4b ./Driver/as608.o
                                        0x7ea (size before relaxing)
 .debug_str     0x0000000000002f51       0x1e ./Driver/audio.o
                                        0x6b3 (size before relaxing)
 .debug_str     0x0000000000002f6f       0x4f ./Driver/esp8266.o
                                        0x63a (size before relaxing)
 .debug_str     0x0000000000002fbe       0xc7 ./Driver/iic.o
                                        0x856 (size before relaxing)
 .debug_str     0x0000000000003085       0x10 ./Driver/key.o
                                        0x78b (size before relaxing)
 .debug_str     0x0000000000003095      0x216 ./Driver/lcd.o
                                        0xb6c (size before relaxing)
 .debug_str     0x00000000000032ab       0x4f ./Driver/timer.o
                                       0x1049 (size before relaxing)
 .debug_str     0x00000000000032fa       0x25 ./Driver/uart.o
                                        0xeee (size before relaxing)
 .debug_str     0x000000000000331f       0x74 ./Debug/debug.o
                                        0x934 (size before relaxing)

.comment        0x0000000000000000       0x33
 .comment       0x0000000000000000       0x33 ./User/ch32v30x_it.o
                                         0x34 (size before relaxing)
 .comment       0x0000000000000033       0x34 ./User/main.o
 .comment       0x0000000000000033       0x34 ./User/system_ch32v30x.o
 .comment       0x0000000000000033       0x34 ./Peripheral/src/ch32v30x_gpio.o
 .comment       0x0000000000000033       0x34 ./Peripheral/src/ch32v30x_misc.o
 .comment       0x0000000000000033       0x34 ./Peripheral/src/ch32v30x_rcc.o
 .comment       0x0000000000000033       0x34 ./Peripheral/src/ch32v30x_spi.o
 .comment       0x0000000000000033       0x34 ./Peripheral/src/ch32v30x_tim.o
 .comment       0x0000000000000033       0x34 ./Peripheral/src/ch32v30x_usart.o
 .comment       0x0000000000000033       0x34 ./Driver/as608.o
 .comment       0x0000000000000033       0x34 ./Driver/audio.o
 .comment       0x0000000000000033       0x34 ./Driver/esp8266.o
 .comment       0x0000000000000033       0x34 ./Driver/iic.o
 .comment       0x0000000000000033       0x34 ./Driver/key.o
 .comment       0x0000000000000033       0x34 ./Driver/lcd.o
 .comment       0x0000000000000033       0x34 ./Driver/timer.o
 .comment       0x0000000000000033       0x34 ./Driver/uart.o
 .comment       0x0000000000000033       0x34 ./Debug/debug.o

.debug_frame    0x0000000000000000     0x241c
 .debug_frame   0x0000000000000000       0x30 ./User/ch32v30x_it.o
 .debug_frame   0x0000000000000030      0x210 ./User/main.o
 .debug_frame   0x0000000000000240       0x3c ./User/system_ch32v30x.o
 .debug_frame   0x000000000000027c      0x174 ./Peripheral/src/ch32v30x_gpio.o
 .debug_frame   0x00000000000003f0       0x30 ./Peripheral/src/ch32v30x_misc.o
 .debug_frame   0x0000000000000420      0x344 ./Peripheral/src/ch32v30x_rcc.o
 .debug_frame   0x0000000000000764      0x1a8 ./Peripheral/src/ch32v30x_spi.o
 .debug_frame   0x000000000000090c      0x614 ./Peripheral/src/ch32v30x_tim.o
 .debug_frame   0x0000000000000f20      0x1e4 ./Peripheral/src/ch32v30x_usart.o
 .debug_frame   0x0000000000001104      0x10c ./Driver/as608.o
 .debug_frame   0x0000000000001210       0x84 ./Driver/audio.o
 .debug_frame   0x0000000000001294       0x48 ./Driver/esp8266.o
 .debug_frame   0x00000000000012dc      0x1d8 ./Driver/iic.o
 .debug_frame   0x00000000000014b4       0x60 ./Driver/key.o
 .debug_frame   0x0000000000001514      0x4a0 ./Driver/lcd.o
 .debug_frame   0x00000000000019b4       0x74 ./Driver/timer.o
 .debug_frame   0x0000000000001a28      0x114 ./Driver/uart.o
 .debug_frame   0x0000000000001b3c       0xb8 ./Debug/debug.o
 .debug_frame   0x0000000000001bf4       0x20 d:/mounriver_studio/mounriver_studio_install/mounriver_studio2/resources/app/resources/win32/components/wch/toolchain/risc-v embedded gcc/bin/../lib/gcc/riscv-none-embed/8.2.0/../../../../riscv-none-embed/lib/rv32imacxw/ilp32\libg_nano.a(lib_a-memcpy.o)
 .debug_frame   0x0000000000001c14       0x54 d:/mounriver_studio/mounriver_studio_install/mounriver_studio2/resources/app/resources/win32/components/wch/toolchain/risc-v embedded gcc/bin/../lib/gcc/riscv-none-embed/8.2.0/../../../../riscv-none-embed/lib/rv32imacxw/ilp32\libg_nano.a(lib_a-sscanf.o)
 .debug_frame   0x0000000000001c68       0xa4 d:/mounriver_studio/mounriver_studio_install/mounriver_studio2/resources/app/resources/win32/components/wch/toolchain/risc-v embedded gcc/bin/../lib/gcc/riscv-none-embed/8.2.0/../../../../riscv-none-embed/lib/rv32imacxw/ilp32\libg_nano.a(lib_a-stdio.o)
 .debug_frame   0x0000000000001d0c       0x20 d:/mounriver_studio/mounriver_studio_install/mounriver_studio2/resources/app/resources/win32/components/wch/toolchain/risc-v embedded gcc/bin/../lib/gcc/riscv-none-embed/8.2.0/../../../../riscv-none-embed/lib/rv32imacxw/ilp32\libg_nano.a(lib_a-strlen.o)
 .debug_frame   0x0000000000001d2c       0x20 d:/mounriver_studio/mounriver_studio_install/mounriver_studio2/resources/app/resources/win32/components/wch/toolchain/risc-v embedded gcc/bin/../lib/gcc/riscv-none-embed/8.2.0/../../../../riscv-none-embed/lib/rv32imacxw/ilp32\libg_nano.a(lib_a-strstr.o)
 .debug_frame   0x0000000000001d4c       0xb4 d:/mounriver_studio/mounriver_studio_install/mounriver_studio2/resources/app/resources/win32/components/wch/toolchain/risc-v embedded gcc/bin/../lib/gcc/riscv-none-embed/8.2.0/../../../../riscv-none-embed/lib/rv32imacxw/ilp32\libg_nano.a(lib_a-nano-svfscanf.o)
 .debug_frame   0x0000000000001e00       0xa0 d:/mounriver_studio/mounriver_studio_install/mounriver_studio2/resources/app/resources/win32/components/wch/toolchain/risc-v embedded gcc/bin/../lib/gcc/riscv-none-embed/8.2.0/../../../../riscv-none-embed/lib/rv32imacxw/ilp32\libg_nano.a(lib_a-nano-vfscanf_i.o)
 .debug_frame   0x0000000000001ea0       0x70 d:/mounriver_studio/mounriver_studio_install/mounriver_studio2/resources/app/resources/win32/components/wch/toolchain/risc-v embedded gcc/bin/../lib/gcc/riscv-none-embed/8.2.0/../../../../riscv-none-embed/lib/rv32imacxw/ilp32\libg_nano.a(lib_a-reent.o)
 .debug_frame   0x0000000000001f10       0x20 d:/mounriver_studio/mounriver_studio_install/mounriver_studio2/resources/app/resources/win32/components/wch/toolchain/risc-v embedded gcc/bin/../lib/gcc/riscv-none-embed/8.2.0/../../../../riscv-none-embed/lib/rv32imacxw/ilp32\libg_nano.a(lib_a-sccl.o)
 .debug_frame   0x0000000000001f30       0x70 d:/mounriver_studio/mounriver_studio_install/mounriver_studio2/resources/app/resources/win32/components/wch/toolchain/risc-v embedded gcc/bin/../lib/gcc/riscv-none-embed/8.2.0/../../../../riscv-none-embed/lib/rv32imacxw/ilp32\libg_nano.a(lib_a-strtol.o)
 .debug_frame   0x0000000000001fa0       0x70 d:/mounriver_studio/mounriver_studio_install/mounriver_studio2/resources/app/resources/win32/components/wch/toolchain/risc-v embedded gcc/bin/../lib/gcc/riscv-none-embed/8.2.0/../../../../riscv-none-embed/lib/rv32imacxw/ilp32\libg_nano.a(lib_a-strtoul.o)
 .debug_frame   0x0000000000002010       0x84 d:/mounriver_studio/mounriver_studio_install/mounriver_studio2/resources/app/resources/win32/components/wch/toolchain/risc-v embedded gcc/bin/../lib/gcc/riscv-none-embed/8.2.0/../../../../riscv-none-embed/lib/rv32imacxw/ilp32\libg_nano.a(lib_a-ungetc.o)
 .debug_frame   0x0000000000002094      0x148 d:/mounriver_studio/mounriver_studio_install/mounriver_studio2/resources/app/resources/win32/components/wch/toolchain/risc-v embedded gcc/bin/../lib/gcc/riscv-none-embed/8.2.0/../../../../riscv-none-embed/lib/rv32imacxw/ilp32\libg_nano.a(lib_a-findfp.o)
 .debug_frame   0x00000000000021dc       0x78 d:/mounriver_studio/mounriver_studio_install/mounriver_studio2/resources/app/resources/win32/components/wch/toolchain/risc-v embedded gcc/bin/../lib/gcc/riscv-none-embed/8.2.0/../../../../riscv-none-embed/lib/rv32imacxw/ilp32\libg_nano.a(lib_a-locale.o)
 .debug_frame   0x0000000000002254       0x38 d:/mounriver_studio/mounriver_studio_install/mounriver_studio2/resources/app/resources/win32/components/wch/toolchain/risc-v embedded gcc/bin/../lib/gcc/riscv-none-embed/8.2.0/../../../../riscv-none-embed/lib/rv32imacxw/ilp32\libg_nano.a(lib_a-mbtowc_r.o)
 .debug_frame   0x000000000000228c       0x20 d:/mounriver_studio/mounriver_studio_install/mounriver_studio2/resources/app/resources/win32/components/wch/toolchain/risc-v embedded gcc/bin/../lib/gcc/riscv-none-embed/8.2.0/../../../../riscv-none-embed/lib/rv32imacxw/ilp32\libg_nano.a(lib_a-memchr.o)
 .debug_frame   0x00000000000022ac       0x40 d:/mounriver_studio/mounriver_studio_install/mounriver_studio2/resources/app/resources/win32/components/wch/toolchain/risc-v embedded gcc/bin/../lib/gcc/riscv-none-embed/8.2.0/../../../../riscv-none-embed/lib/rv32imacxw/ilp32\libg_nano.a(lib_a-nano-freer.o)
 .debug_frame   0x00000000000022ec       0x40 d:/mounriver_studio/mounriver_studio_install/mounriver_studio2/resources/app/resources/win32/components/wch/toolchain/risc-v embedded gcc/bin/../lib/gcc/riscv-none-embed/8.2.0/../../../../riscv-none-embed/lib/rv32imacxw/ilp32\libg_nano.a(lib_a-nano-mallocr.o)
 .debug_frame   0x000000000000232c       0x40 d:/mounriver_studio/mounriver_studio_install/mounriver_studio2/resources/app/resources/win32/components/wch/toolchain/risc-v embedded gcc/bin/../lib/gcc/riscv-none-embed/8.2.0/../../../../riscv-none-embed/lib/rv32imacxw/ilp32\libg_nano.a(lib_a-nano-reallocr.o)
 .debug_frame   0x000000000000236c       0x30 d:/mounriver_studio/mounriver_studio_install/mounriver_studio2/resources/app/resources/win32/components/wch/toolchain/risc-v embedded gcc/bin/../lib/gcc/riscv-none-embed/8.2.0/../../../../riscv-none-embed/lib/rv32imacxw/ilp32\libg_nano.a(lib_a-sbrkr.o)
 .debug_frame   0x000000000000239c       0x30 d:/mounriver_studio/mounriver_studio_install/mounriver_studio2/resources/app/resources/win32/components/wch/toolchain/risc-v embedded gcc/bin/../lib/gcc/riscv-none-embed/8.2.0/../../../../riscv-none-embed/lib/rv32imacxw/ilp32\libg_nano.a(lib_a-wctomb_r.o)
 .debug_frame   0x00000000000023cc       0x30 d:/mounriver_studio/mounriver_studio_install/mounriver_studio2/resources/app/resources/win32/components/wch/toolchain/risc-v embedded gcc/bin/../lib/gcc/riscv-none-embed/8.2.0/../../../../riscv-none-embed/lib/rv32imacxw/ilp32\libg_nano.a(lib_a-mlock.o)
 .debug_frame   0x00000000000023fc       0x20 d:/mounriver_studio/mounriver_studio_install/mounriver_studio2/resources/app/resources/win32/components/wch/toolchain/risc-v embedded gcc/bin/../lib/gcc/riscv-none-embed/8.2.0/../../../../riscv-none-embed/lib/rv32imacxw/ilp32\libg_nano.a(lib_a-nano-msizer.o)

.debug_loc      0x0000000000000000     0x57d7
 .debug_loc     0x0000000000000000      0x171 ./User/main.o
 .debug_loc     0x0000000000000171      0x163 ./User/system_ch32v30x.o
 .debug_loc     0x00000000000002d4      0x72b ./Peripheral/src/ch32v30x_gpio.o
 .debug_loc     0x00000000000009ff       0x61 ./Peripheral/src/ch32v30x_misc.o
 .debug_loc     0x0000000000000a60      0xadb ./Peripheral/src/ch32v30x_rcc.o
 .debug_loc     0x000000000000153b      0x598 ./Peripheral/src/ch32v30x_spi.o
 .debug_loc     0x0000000000001ad3     0x18a6 ./Peripheral/src/ch32v30x_tim.o
 .debug_loc     0x0000000000003379      0x779 ./Peripheral/src/ch32v30x_usart.o
 .debug_loc     0x0000000000003af2       0x5a ./Driver/as608.o
 .debug_loc     0x0000000000003b4c       0xb2 ./Driver/audio.o
 .debug_loc     0x0000000000003bfe      0x2b1 ./Driver/iic.o
 .debug_loc     0x0000000000003eaf       0x1f ./Driver/key.o
 .debug_loc     0x0000000000003ece     0x15c6 ./Driver/lcd.o
 .debug_loc     0x0000000000005494       0x63 ./Driver/timer.o
 .debug_loc     0x00000000000054f7      0x169 ./Driver/uart.o
 .debug_loc     0x0000000000005660      0x177 ./Debug/debug.o

.stabstr        0x0000000000000000       0xa9
 .stabstr       0x0000000000000000       0xa9 d:/mounriver_studio/mounriver_studio_install/mounriver_studio2/resources/app/resources/win32/components/wch/toolchain/risc-v embedded gcc/bin/../lib/gcc/riscv-none-embed/8.2.0/../../../../riscv-none-embed/lib/rv32imacxw/ilp32\libnosys.a(close.o)
